// Jest Snapshot v1, https://goo.gl/fbAQLP

exports[`SocialBar component renders the component 1`] = `
<div>
  <div
    class="socialBar"
  >
    <a
      class="icon"
      href="https://www.youtube.com/channel/UC3m6NxN3ZhCpYkL4LM8gHMg"
      rel="noopener noreferrer"
      target="_blank"
      title="Open YouTube"
    >
      <svg
        class="svg"
        height="24"
        viewBox="0 0 24 24"
        width="24"
        xmlns="http://www.w3.org/2000/svg"
      >
        <path
          d="M9.3,13.5H8.3v5H7.4v-5H6.5v-0.9h2.8L9.3,13.5L9.3,13.5z M14.7,15.2v2.4c0,0.5-0.2,1-0.7,1 c-0.3,0-0.5-0.1-0.8-0.4v0.3h-0.8v-5.9h0.8v1.9c0.2-0.2,0.4-0.4,0.7-0.4C14.5,14.2,14.7,14.7,14.7,15.2z M13.8,15.3 c0-0.1,0-0.3-0.1-0.3c-0.1-0.1-0.3-0.1-0.4-0.1L13.2,15v2.7l0.2,0.2c0.1,0.1,0.3,0.1,0.4,0c0-0.1,0.1-0.2,0.1-0.3L13.8,15.3 L13.8,15.3z M11.5,9.4c0.2,0,0.4-0.2,0.4-0.4V6.9c0-0.3-0.1-0.4-0.4-0.4c-0.2,0-0.4,0.2-0.4,0.4V9C11.1,9.2,11.3,9.4,11.5,9.4z M10.8,17.5c-0.1,0.1-0.3,0.3-0.5,0.3c-0.2,0-0.2-0.1-0.2-0.3v-3.3H9.3v3.6c0,0.9,0.6,0.9,1,0.6c0.2-0.1,0.3-0.2,0.5-0.4v0.5h0.8 v-4.3h-0.8C10.8,14.2,10.8,17.5,10.8,17.5z M24,0v19c0,2.8,0,5,0,5H5c-2.8,0-5,0-5,0V5c0-2.8,0-5,0-5h19C21.8,0,24,0,24,0z M13.4,9.4c0,0.4,0.1,0.8,0.6,0.8c0.3,0,0.6-0.1,1-0.6v0.5h0.8V5.6H15v3.5c-0.1,0.1-0.3,0.3-0.5,0.3c-0.2,0-0.2-0.1-0.2-0.3V5.6 h-0.8C13.4,5.6,13.4,9.4,13.4,9.4z M10.3,6.8V9c0,0.8,0.4,1.2,1.2,1.2c0.7,0,1.2-0.5,1.2-1.2V6.8c0-0.7-0.5-1.2-1.2-1.2 C10.8,5.6,10.3,6.1,10.3,6.8z M7.1,4l1.1,3.7v2.5h1V7.7L10.3,4h-1L8.7,6.5L8.1,4C8.1,4,7.1,4,7.1,4z M18.7,15.7c0-3-0.2-4.1-2.1-4.2 c-1.7-0.1-7.4-0.1-9.1,0c-1.9,0.1-2.1,1.3-2.1,4.2c0,3,0.2,4.1,2.1,4.2c1.7,0.1,7.4,0.1,9.1,0C18.4,19.8,18.7,18.6,18.7,15.7z M17.7,15.4v1.1h-1.5v0.8c0,0.3,0,0.6,0.4,0.6c0.3,0,0.4-0.2,0.4-0.6V17h0.8v0.3c0,0.8-0.4,1.3-1.2,1.3c-0.8,0-1.2-0.6-1.2-1.3v-1.9 c0-0.8,0.5-1.3,1.2-1.3C17.3,14.1,17.7,14.6,17.7,15.4z M16.8,15.4c0-0.3-0.1-0.5-0.4-0.5c-0.3,0-0.4,0.2-0.4,0.5v0.4h0.7V15.4z"
          fill="#ff0000"
        />
      </svg>
       
    </a>
    <a
      class="icon"
      href="https://www.linkedin.com/in/michaeldinerstein"
      rel="noopener noreferrer"
      target="_blank"
      title="Connect on LinkedIn"
    >
      <svg
        class="svg"
        height="24"
        viewBox="0 0 24 24"
        width="24"
        xmlns="http://www.w3.org/2000/svg"
      >
        <path
          d="M24,0H5C2.2,0,0,0,0,0v19c0,2.8,0,5,0,5h19c2.8,0,5,0,5,0V5C24,2.2,24,0,24,0z M8,19H5V8h3V19z M6.5,6.7 c-1,0-1.8-0.8-1.8-1.8s0.8-1.8,1.8-1.8S8.3,4,8.3,5S7.5,6.7,6.5,6.7z M20,19h-3v-5.6c0-3.4-4-3.1-4,0V19h-3V8h3v1.8 c1.4-2.6,7-2.8,7,2.5V19z"
          fill="#2867B2"
        />
      </svg>
       
    </a>
    <a
      class="icon"
      href="https://twitter.com/missionmikedev"
      rel="noopener noreferrer"
      target="_blank"
      title="Follow Mission Mike on Twitter"
    >
      <svg
        class="svg"
        height="24"
        viewBox="0 0 24 24"
        width="24"
        xmlns="http://www.w3.org/2000/svg"
      >
        <path
          d="M24,0H5C2.2,0,0,0,0,0v19c0,2.8,0,5,0,5h19c2.8,0,5,0,5,0V5C24,2.2,24,0,24,0z M18.9,9.2 c0.2,4.6-3.2,9.8-9.3,9.8c-1.9,0-3.6-0.5-5-1.5c1.7,0.2,3.5-0.3,4.9-1.4c-1.4,0-2.6-1-3.1-2.3c0.5,0.1,1,0.1,1.5-0.1 c-1.6-0.3-2.7-1.7-2.6-3.3C5.6,10.8,6.1,11,6.6,11c-1.5-1-1.9-2.9-1-4.4c1.6,2,4,3.3,6.8,3.4c-0.5-2.1,1.1-4,3.2-4 c0.9,0,1.8,0.4,2.4,1c0.7-0.1,1.5-0.4,2.1-0.8c-0.2,0.8-0.8,1.4-1.4,1.8c0.7-0.1,1.3-0.3,1.9-0.5C20.1,8.2,19.5,8.8,18.9,9.2z"
          fill="#1DA1F2"
        />
      </svg>
       
    </a>
    <a
      class="icon"
      href="https://facebook.com/missionmike.dev"
      rel="noopener noreferrer"
      target="_blank"
      title="Follow Mission Mike on Twitter"
    >
      <svg
        class="svg"
        height="24"
        viewBox="0 0 24 24"
        width="24"
        xmlns="http://www.w3.org/2000/svg"
      >
        <path
          d="M22.7,0H0c0,0,0,0.6,0,1.3v21.4C0,23.4,0,24,0,24h12.8v-9.3H9.7v-3.6h3.1V8.4c0-3.1,1.9-4.8,4.7-4.8 c1.3,0,2.5,0.1,2.8,0.1V7l-1.9,0c-1.5,0-1.8,0.7-1.8,1.8v2.3h3.6l-0.5,3.6h-3.1V24h6.1c0.7,0,1.3,0,1.3,0V0C24,0,23.4,0,22.7,0z"
          fill="#3B5998"
        />
      </svg>
       
    </a>
    <a
      class="icon"
      href="https://github.com/missionmike"
      rel="noopener noreferrer"
      target="_blank"
      title="Open GitHub"
    >
      <svg
        class="svg"
        height="24"
        viewBox="0 0 24 24"
        width="24"
        xmlns="http://www.w3.org/2000/svg"
      >
        <path
          d="M0 0v24h24v-24h-24zm14.534 19.59c-.406.078-.534-.171-.534-.384v-2.195c0-.747-.262-1.233-.55-1.481 1.782-.198 3.654-.875 3.654-3.947 0-.874-.311-1.588-.824-2.147.083-.202.357-1.016-.079-2.117 0 0-.671-.215-2.198.82-.639-.18-1.323-.267-2.003-.271-.68.003-1.364.091-2.003.269-1.528-1.035-2.2-.82-2.2-.82-.434 1.102-.16 1.915-.077 2.118-.512.56-.824 1.273-.824 2.147 0 3.064 1.867 3.751 3.645 3.954-.229.2-.436.552-.508 1.07-.457.204-1.614.557-2.328-.666 0 0-.423-.768-1.227-.825 0 0-.78-.01-.055.487 0 0 .525.246.889 1.17 0 0 .463 1.428 2.688.944v1.489c0 .211-.129.459-.528.385-3.18-1.057-5.472-4.056-5.472-7.59 0-4.419 3.582-8 8-8s8 3.581 8 8c0 3.533-2.289 6.531-5.466 7.59z"
        />
      </svg>
       
    </a>
    <a
      class="icon"
      href="https://www.instagram.com/missionmike.dev"
      rel="noopener noreferrer"
      target="_blank"
      title="Follow Mission Mike on Instagram"
    >
      <div
        style="width: 0px; height: 0px;"
      >
        <svg
          xmlns="http://www.w3.org/2000/svg"
        >
          <defs>
            <radialgradient
              cx="162.4"
              cy="-448.2"
              gradientTransform="matrix(0 -1.982 -1.8439 0 -791.38 463.95)"
              gradientUnits="userSpaceOnUse"
              id="ig-svg-d"
              r="66"
            >
              <stop
                class="ig-svg-a"
                offset="0"
              />
              <stop
                class="ig-svg-a"
                offset=".1"
              />
              <stop
                class="ig-svg-b"
                offset=".5"
              />
              <stop
                class="ig-svg-c"
                offset="1"
              />
            </radialgradient>
            <radialgradient
              cx="167.5"
              cy="-456"
              gradientTransform="matrix(0 -1.982 -1.8439 0 -791.38 463.95)"
              gradientUnits="userSpaceOnUse"
              id="ig-svg-c"
              r="9"
            >
              <stop
                class="ig-svg-a"
                offset="0"
              />
              <stop
                class="ig-svg-a"
                offset=".1"
              />
              <stop
                class="ig-svg-b"
                offset=".5"
              />
              <stop
                class="ig-svg-c"
                offset="1"
              />
            </radialgradient>
            <radialgradient
              cx="234"
              cy="-453.3"
              gradientTransform="matrix(0 -1.982 -1.8439 0 -791.38 463.95)"
              gradientUnits="userSpaceOnUse"
              id="ig-svg-b"
              r="7.5"
            >
              <stop
                class="ig-svg-a"
                offset="0"
              />
              <stop
                class="ig-svg-a"
                offset=".1"
              />
              <stop
                class="ig-svg-b"
                offset=".5"
              />
              <stop
                class="ig-svg-c"
                offset="1"
              />
            </radialgradient>
            <radialgradient
              cx="139.5"
              cy="-347.9"
              gradientTransform="matrix(.1739 .8687 3.5818 -.7172 1193.4 -365.3)"
              gradientUnits="userSpaceOnUse"
              id="ig-svg-a2"
              r="70.9"
            >
              <stop
                class="ig-svg-d"
                offset="0"
              />
              <stop
                class="ig-svg-d"
                offset=".128"
              />
              <stop
                offset="1"
                stop-color="#60F"
                stop-opacity="0"
              />
            </radialgradient>
          </defs>
        </svg>
      </div>
      <svg
        class="svg"
        viewBox="0 0 132 132"
        xmlns="http://www.w3.org/2000/svg"
      >
        <path
          class="ig-svg-st0"
          d="m131.9 131.9c0.1-1.1 0.1-47.8 0.1-65.9s0-64.8-0.1-66h-131.9v66c0 27.5 0 64.5 0.2 66l131.7-0.1z"
        />
        <path
          class="ig-svg-st1"
          d="m30.9 131.9c1.6 0.1 18.3 0.1 35 0.1s33.3 0 34.9-0.1"
        />
        <path
          class="ig-svg-st2"
          d="M87.5 0H66C38.5 0 30.4 0 28.8 0.2"
        />
        <path
          class="ig-svg-st3"
          d="m131.9 103.3c0.1-1.1 0.1-19.3 0.1-37.4s0-64.8-0.1-66h-65.9c-27.5 0.1-64.4 0.1-66 0.3v44.4 21.4c0 27.5 0 35.6 0.2 37.2v28.7c1.6 0.1 49.1 0.1 65.7 0.1s64.5 0 66.1-0.1l-0.1-28.6z"
        />
        <path
          class="ig-svg-st4"
          d="m66 17.3c-13.2 0-14.9 0.1-20.1 0.3s-8.7 1.1-11.8 2.3c-3.2 1.2-5.9 2.9-8.6 5.6s-4.4 5.4-5.6 8.6c-1.2 3.1-2 6.6-2.3 11.8-0.2 5.2-0.3 6.9-0.3 20.1s0.1 14.9 0.3 20.1 1.1 8.7 2.3 11.8c1.2 3.2 2.9 5.9 5.6 8.6s5.4 4.4 8.6 5.6c3.1 1.2 6.6 2 11.8 2.3 5.2 0.2 6.9 0.3 20.1 0.3s14.9-0.1 20.1-0.3 8.7-1.1 11.8-2.3c3.2-1.2 5.9-2.9 8.6-5.6s4.4-5.4 5.6-8.6c1.2-3.1 2-6.6 2.3-11.8 0.2-5.2 0.3-6.9 0.3-20.1s-0.1-14.9-0.3-20.1-1.1-8.7-2.3-11.8c-1.2-3.2-2.9-5.9-5.6-8.6s-5.4-4.4-8.6-5.6c-3.1-1.2-6.7-2-11.8-2.3-5.2-0.3-6.9-0.3-20.1-0.3zm-4.4 8.7h4.4c13 0 14.6 0 19.7 0.3 4.8 0.2 7.3 1 9 1.7 2.3 0.9 3.9 1.9 5.6 3.6s2.8 3.3 3.6 5.6c0.7 1.7 1.5 4.3 1.7 9 0.2 5.1 0.3 6.7 0.3 19.7s-0.1 14.6-0.3 19.7c-0.2 4.8-1 7.3-1.7 9-0.9 2.3-1.9 3.9-3.6 5.6s-3.3 2.8-5.6 3.6c-1.7 0.7-4.3 1.5-9 1.7-5.1 0.2-6.7 0.3-19.7 0.3s-14.6-0.1-19.7-0.3c-4.8-0.2-7.3-1-9.1-1.7-2.3-0.9-3.9-1.9-5.6-3.6s-2.8-3.3-3.6-5.6c-0.7-1.7-1.5-4.3-1.7-9-0.2-5.1-0.3-6.6-0.3-19.6s0-14.6 0.3-19.7c0.2-4.8 1-7.3 1.7-9 0.9-2.3 1.9-3.9 3.6-5.6s3.3-2.8 5.6-3.6c1.7-0.7 4.3-1.5 9.1-1.7 4.5-0.3 6.2-0.4 15.3-0.4zm30.4 8.1c-3.2 0-5.8 2.6-5.8 5.8s2.6 5.8 5.8 5.8 5.8-2.6 5.8-5.8-2.6-5.8-5.8-5.8zm-26 6.9c-13.8 0-25 11.2-25 25s11.2 25 25 25 25-11.2 25-25-11.2-25-25-25zm0 8.8c9 0 16.2 7.3 16.2 16.2 0 9-7.3 16.2-16.2 16.2-9 0-16.2-7.3-16.2-16.2 0-9 7.2-16.2 16.2-16.2z"
        />
      </svg>
       
    </a>
  </div>
</div>
`;
